*.100webspace.com
*.1221cd.org
*.2600.com
*.2shared.com
*.365myanmar.com
*.7day.news
*.88square.com
*.8kun.top
*.aappb.org
*.abpr2.railfan.net
*.abs.twimg.com
*.absdfau.blogspot.com
*.absinth.com
*.addons.mozilla.org
*.addons.opera.com
*.adium.im
*.adventist.org
*.agdbank.com
*.alarmmyanmar.org
*.alignpay.com
*.alqassam.ps
*.altsean.org
*.amp.cloudflare.com
*.amyotha.hluttaw.mm
*.ananzi.co.za
*.andproud.net
*.anglicancommunion.org
*.anonymizer.secuser.com
*.anonymouse.org
*.api.directory.signal.org
*.api.github.com
*.api.protonvpn.ch
*.app.developer.here.com
*.ar.m.wikipedia.org
*.ar.wikipedia.org
*.arabxnxx.org
*.arakanarmy.net
*.arakanindobhasa.wordpress.com
*.archive.org
*.archive.ph
*.ariannelingerie.com
*.arrka-smaile.blogspot.com
*.ashingtonpost.com
*.asiantribune.com
*.asterisk.org
*.athanmyanmar.org
*.auduboninternational.org
*.aungttant.com
*.auntysweet.blogspot.com
*.autistici.org
*.ayinepan.com
*.bacardi.com
*.badoo.com
*.bagoregionhluttaw.gov.mm
*.baidu.com
*.bangkokstreetwhores.com
*.bat.com
*.bawa101.com
*.baygyiknowledge.blogspot.com
*.bbm.com
*.beer.com
*.beerinfo.com
*.beintheknow.org
*.bestfreetube.xxx
*.betasia.com
*.betternet.co
*.beyondexgay.com
*.bhrn.org.uk
*.bible.com
*.bing.com
*.birmanie.ch
*.birmanie.net
*.bit.ly
*.bitchute.com
*.bitcoin.sipa.be
*.bittornado.com
*.blackhat.be
*.blog-aunghtut.blogspot.com
*.blog.mozilla.org
*.bluearrow07.blogspot.com
*.blueskyswimwear.com
*.bme.com
*.bnaibrith.org
*.bnionline.net
*.boommyanmar.com
*.botauk.com
*.brave.com
*.bravoporn.com
*.brcgrohingya.org
*.bridges.torproject.org
*.broadvoice.com
*.brothersroad.org
*.bsmyanmar.org
*.btselem.org
*.buddhistpeacefellowship.org
*.budweiser.com
*.burma-projects.org
*.burma.ac
*.burma.irrawaddy.com
*.burmacampaign.org.uk
*.burmachildren.com
*.burmafund.org
*.burmalibrary.org
*.burmamission.org
*.burmamyanmargenocide.blogspot.com
*.burmapartnership.org
*.burmasoft.blogspot.com
*.burmavj.net
*.burmawatch.org
*.burmese.dvb.no
*.burmese.kachinnews.com
*.burmese.narinjara.com
*.burmese.shannews.org
*.businessandeconomics.mq.edu.au
*.ca.wikipedia.org
*.can-myanmar.org
*.care.org
*.carnegieendowment.org
*.carsdb.com
*.cartercenter.org
*.casino.com
*.cc.bingj.com
*.cdmmyanmar.org
*.cdn-client.medium.com
*.cdn.ampproject.org
*.cdn.fbsbx.com
*.cdn2.signal.org
*.cdnjs.com
*.censored.tv
*.censorship.no
*.change.org
*.channelmyanmar.org
*.chantelle.com
*.chatesat.com
*.chubb.com
*.circumcision.org
*.citizensclimatelobby.org
*.cittasukha.blogspot.com
*.click2myanmar.com
*.cloudflare-dns.com
*.cmsmdy.blogspot.com
*.cnfhq.org
*.cocaine.org
*.commercejournal.com.mm
*.commons.wikimedia.org
*.coralnyo.blogspot.com
*.coronavirus.app
*.coronavirus.jhu.edu
*.covidtracking.com
*.crphmyanmar.org
*.crs.org
*.cryptome.org
*.cwtch.im
*.cyber-pirates.org
*.dailyporn.club
*.darknet.org.uk
*.dathana.blogspot.com
*.dbe.moe.edu.mm
*.ddo.com
*.de.wikipedia.org
*.delta.chat
*.democracycaucus.net
*.democracyforburma.wordpress.com
*.developmentgateway.org
*.digital.globalclimatestrike.net
*.dit.whatsapp.net
*.dma.gov.mm
*.dmediag.com
*.dmgburmese.com
*.dns.adguard.com
*.doh-fi.blahdns.com
*.doh.centraleu.pi-dns.com
*.doh.dns.sb
*.donatebloodmyanmar.org
*.dotp.gov.mm
*.dr-junior.blogspot.com
*.dra.gov.mm
*.drivemyanmar.com
*.drkokogyi.wordpress.com
*.drkokogyi9.wordpress.com
*.drlunswe.blogspot.com
*.dwir.gov.mm
*.earth.google.com
*.earthaction.org
*.easternlightningmy.wordpress.com
*.ecequality.org
*.ectaco.com
*.edge-chat.instagram.com
*.edge-mqtt.facebook.com
*.educationinmyanmar.blogspot.com
*.eintchannmyae.blogspot.com
*.electrum.org
*.emperorking.blogspot.com
*.en.m.wikipedia.org
*.en.wikipedia.org
*.encburma.net
*.energy.gov.mm
*.episcopalrelief.org
*.equal-eyes.org
*.equalitymyanmar.org
*.es.m.wikipedia.org
*.es.wikipedia.org
*.eurobicon.org
*.euthanasia.cc
*.eveonline.com
*.exgay.com
*.exmormon.org
*.exploremyanmar.com
*.explorer.ooni.org
*.external.xx.fbcdn.net
*.facebook.com
*.fark.com
*.fastmail.com
*.fbcdn.net
*.feedtheminds.org
*.feminist.com
*.feminist.org
*.fhi360.org
*.fidh.org
*.fine-leaves.blogspot.com
*.flickr.com
*.fondationdefrance.org
*.forestdepartment.gov.mm
*.formercatholic.com
*.forum.mhut.org
*.fosfeminista.org
*.foxnews.com
*.fr.wikipedia.org
*.francemediasmonde.com
*.freeburmacoalition.blogspot.com
*.freeburmarangers.org
*.freedomhouse.org
*.freedominfo.org
*.freeexpression.org
*.freeexpressionmyanmar.org
*.freemuse.org
*.freemyanmarvcd.us
*.freenetproject.org
*.freerohingyacampaign.blogspot.com
*.freespeech.com
*.friendsofburma.org
*.frontiermyanmar.net
*.fullbookmm.blogspot.com
*.gandawunshwebagan.com
*.gayegypt.com
*.gaylifeformyanmar.blogspot.com
*.gaystarnews.com
*.gbluebooks.blogspot.com
*.gearthblog.com
*.generation96.blogspot.com
*.geniuscoffee.info
*.genmyanmar.org
*.getacookrecipe.wordpress.com
*.getlantern.org
*.getoutline.org
*.giganews.com
*.gisanddata.maps.arcgis.com
*.glaad.org
*.glbtqarchive.com
*.globalr2p.org
*.globalvoices.org
*.gnu.org
*.go-text.me
*.gofundme.com
*.gov.nugmyanmar.org
*.granma.cu
*.greenhost.net
*.grindr.com
*.guerrillagirls.com
*.haaretz.com
*.hatsapp.com
*.heinekenmyanmar.com
*.helvetas.ch
*.herdict.org
*.heritage.org
*.hiburma.net
*.hidemyass.com
*.hintharmedia.com
*.hitb.org
*.hizb-ut-tahrir.org
*.hladaymyanmar.org
*.hola.org
*.hootsuite.com
*.hotgaylist.com
*.hotporntubes.com
*.hotspotshield.com
*.hrc.org
*.hrea.org
*.http-tunnel.com
*.hugawngkachin.blogspot.com
*.humanrightsactioncenter.com
*.humanrightsconnected.org
*.humanrightsfirst.org
*.hushmail.com
*.hustler.com
*.hynotbi.com
*.i.instagram.com
*.iaffe.org
*.iagoutreach.com
*.ibe.unesco.org
*.icao.maps.arcgis.com
*.icc-cpi.int
*.icrc.org
*.ideasbeyondborders.org
*.idsoftware.com
*.iea.org
*.ifad.org
*.ifc.org
*.ihr.org
*.ihrc.org.uk
*.iias.asia
*.iimm.un.org
*.ikipedia.org
*.iktionary.org
*.im0-tub-com.yandex.net
*.imageshack.com
*.imdb.com
*.imo.im
*.imp.free.fr
*.inbox.com
*.indianpornvideo.org
*.indymedia.org
*.inespectator.com
*.inetprivacy.com
*.instagram.com
*.instagram.fsaw1-13.fna.fbcdn.net
*.instinctmagazine.com
*.international.gc.ca
*.internationalfamilyequalityday.org
*.internationalrivers.org
*.ipetitions.com
*.ipi.media
*.ipvanish.com
*.irna.ir
*.irrawaddy.com
*.islameyat.com
*.islaminmyanmar.blogspot.com
*.islamonline.net
*.isscr.org
*.isupportmyanmar.com
*.it.wikipedia.org
*.itbmu.org.mm
*.ix.com
*.ja.wikipedia.org
*.jacbaburma.blogspot.com
*.jinghpawkasa.blogspot.com
*.jmarshall.com
*.jobsinmyanmar.com
*.jobsinyangon.com
*.join.allpornsitespass.com
*.joinmastodon.org
*.judaism.com
*.july-dream.blogspot.com
*.juniorwin.blogspot.com
*.jusmynote.wordpress.com
*.justiceformyanmar.org
*.justicewomen.com
*.kachinnews.com
*.kachinpost.com
*.kachinstate.hluttaw.mm
*.kaladanpress.org
*.kalay.com.mm
*.kamayutmedia.com
*.kantarawaddytimes.org
*.karen.kicnews.org
*.karennews.org
*.kaungkinko.blogspot.com
*.kbs-frb.be
*.kcna.kp
*.kennethwongsf.blogspot.com
*.keptprivate.com
*.kesan.asia
*.khayannpyar.blogspot.com
*.khilafah.com
*.khinminzaw.blogspot.com
*.khonumthung.org
*.khrg.org
*.khrp.org
*.khunmoung.blogspot.com
*.kickassclassical.com
*.kicnews.org
*.kingdomofnews.com
*.klosayhtoo.blogspot.com
*.kmdmart.com
*.knapsackforhope.org
*.knwo.wordpress.com
*.ko-htike.blogspot.com
*.komoethee.blogspot.com
*.koreatimes.co.kr
*.koshwehtoo.wordpress.com
*.kothink.blogspot.com
*.kt-ktimes.blogspot.com
*.kthwe.blogspot.com
*.kukiforum.com
*.kyanaww.blogspot.com
*.kyaukphrunet.wordpress.com
*.kyimaykaungburmese.blogspot.com
*.kyipaypar.xyz
*.kzy1980.blogspot.com
*.laborrights.org
*.lalgbtcenter.org
*.lambdalegal.org
*.lanolay.wordpress.com
*.laynuaye.blogspot.com
*.lbry.com
*.lbry.org
*.leaseweb.com
*.lgbt.foundation
*.lgbtnewsnow.org
*.lgbtvacationplanners.com
*.libgen.fun
*.libgen.is
*.libgen.lc
*.libgen.life
*.libgen.me
*.libgen.rs
*.libgen.space
*.libgen.st
*.libgen.tw
*.lingo.com
*.linletkyalsin.blogspot.com
*.linphone.org
*.liveleak.com
*.lokinet.org
*.lookaside.facebook.com
*.lostfootsteps.org
*.lovecar.autos
*.lrcmyanmar.org
*.lulucooking.blogspot.com
*.luml.org
*.lushstories.com
*.m-mediagroup.com
*.macfound.org
*.madre.org
*.magwaygov.org
*.mahana.org.mm
*.mail.com
*.mail.lycos.com
*.mail2web.com
*.mailinator.com
*.malwares.com
*.mamma.com
*.manorhary.wordpress.com
*.manporn.xxx
*.maranathamedia-myanmar.com
*.mariestopes.org.uk
*.massbrowser.cs.umass.edu
*.mastodon.social
*.matcha.xyz
*.mayamarcollection.com
*.maydar-wii.blogspot.com
*.maynyane.blogspot.com
*.medecinsdumonde.org
*.media-arn2-1.cdn.whatsapp.net
*.media.fevn1-1.fna.whatsapp.net
*.mediafire.com
*.medium.com
*.megaproxy.com
*.merhrom.wordpress.com
*.mes.org.mm
*.messenger.com
*.metasploit.com
*.metro-wholesale.com.mm
*.mg-kar-lu.blogspot.com
*.mgaybook.blogspot.com
*.miaruby.co
*.microsoft.com
*.mideastyouth.com
*.mifer.gov.mm
*.minthayt.com
*.minyekyawswar.blogspot.com
*.miro.medium.com
*.mizzima.com
*.mizzima.tv
*.mizzimaburmese.com
*.mmcdm.org
*.mmg.whatsapp.net
*.mmhan.blogspot.com
*.mmmilitary.blogspot.com
*.mmonline365.com
*.mmpeaceMonitor.org
*.mmtimes.com
*.mmu.edu.mm
*.mnr.gov.cn
*.mobmyanmar.com
*.mod.gov.mm
*.mod.nugmyanmar.org
*.moderndrunkardmagazine.com
*.moe-st.gov.mm
*.moe.edu.mm
*.moe.nugmyanmar.org
*.moemaka.com
*.moeminthar.wordpress.com
*.moenyothar86.blogspot.com
*.mofa.nugmyanmar.org
*.moh.nugmyanmar.org
*.mohadm.nugmyanmar.org
*.mohai.nugmyanmar.org
*.mohinga.info
*.mohingamatters.com
*.mohr.nugmyanmar.org
*.moic.nugmyanmar.org
*.mol.nugmyanmar.org
*.monacogoldcasino.com
*.monnews.org
*.monrec.nugmyanmar.org
*.monstate.gov.mm
*.mopfi.nugmyanmar.org
*.moremyint.blogspot.com
*.mormon.org
*.motherland-2009.blogspot.com
*.mowyca.nugmyanmar.org
*.mp3.com
*.mrattkthu.com
*.mrdewaing.blogspot.com
*.mtmblog.blogspot.com
*.mullvad.net
*.my.natureventure.co.th
*.my.wikipedia.org
*.myan789.com
*.myanmar-housing.com
*.myanmar-now.org
*.myanmar.savethechildren.net
*.myanmarconstitutioncritic.blogspot.com
*.myanmaregress.org
*.myanmarelottery.com
*.myanmarexam.org
*.myanmarexpress.blogspot.com
*.myanmargems.com
*.myanmarido.org
*.myanmarjournaldownload.com
*.myanmarlivecasino.com
*.myanmarload.com
*.myanmarmp3.net
*.myanmarmpha.org
*.myanmarnews.net
*.myanmartevolution.com
*.myanmarthuta.com
*.myanmaryouthstars.org
*.myatlone.blogspot.com
*.myawady.net.mm
*.mycutestories.blogspot.com
*.mydoctor.com.mm
*.myehtut.com
*.myitkyinanewsjournal.com
*.myochitmyanmar.blogspot.com
*.myomonyeeoo.blogspot.com
*.myporngay.com
*.myrlottery.com
*.myspace.com
*.nagalim.nl
*.nagani.com
*.namecoin.org
*.naral.org
*.narinjara.com
*.natthi.wordpress.com
*.naungmoon.com
*.naymin.blogspot.com
*.nclrights.org
*.ncsc.gov.mm
*.nd-burma.org
*.ndi.org
*.ned.org
*.nenow.in
*.networkcheck.kde.org
*.networkmyanmar.org
*.new.cfan.org
*.newmmcchannel.blogspot.com
*.newsweek.com
*.ngateasutharlay.blogspot.com
*.nifty.org
*.niknayman.blogspot.com
*.ning.com
*.niu.edu
*.nmrc.org
*.nordvpn.com
*.norml.org
*.nptcouncil.gov.mm
*.nptdc.gov.mm
*.nsa.gov
*.ntc.party
*.nugmyanmar.org
*.nwayoomyanmar.com
*.nyeinchan.com
*.nyihtway.blogspot.com
*.nyilynnseck.blogspot.com
*.nyinyithanlwin.blogspot.com
*.nykomme.blogspot.com
*.o-way.blogspot.com
*.oca.org
*.oic-oci.org
*.onekyat.com
*.onepay.com.mm
*.online-dating.org
*.onlybingo.com
*.ooni.github.io
*.ooredoo.com.mm
*.opendevelopmentmekong.net
*.opendevelopmentmyanmar.net
*.openvpn.net
*.opera.com
*.originalelf.com
*.orldcoalition.org
*.osce.org
*.paganpride.org
*.palaungland.org
*.pandora-and-pandora.blogspot.com
*.pansodan.com
*.paowomensunion.wordpress.com
*.parsithan.blogspot.com
*.paypal.com
*.pbs.twimg.com
*.peacefulwalkingtogether.blogspot.com
*.peersmyanmar.wordpress.com
*.people.com.cn
*.persecution.org
*.pflag.org
*.ping.archlinux.org
*.pinkcupid.com
*.pirateparty.org.au
*.pmi.com
*.poker.com
*.pornhub.com
*.postimage.io
*.postmaster.co.uk
*.pppmyanmar.org
*.pps.whatsapp.net
*.premaritalsex.info
*.pridemedia.com
*.pro1globalhomecenter.com
*.progressivevoicemyanmar.org
*.projectmaje.org
*.projectveritas.com
*.prolife.com
*.prospectburma.org
*.proton.me
*.protonvpn.com
*.proxify.com
*.psiphon.ca
*.pslftnla.org
*.pt.m.wikipedia.org
*.publiuspundit.com
*.purevpn.com
*.pyidaungsu.hluttaw.mm
*.pyithu.hluttaw.mm
*.qhnews.com
*.rackspace.com
*.ran.org
*.realornotmm.info
*.redditstatic.com
*.refugeesinternational.org
*.remailer.paranoici.org
*.reproductiverights.org
*.revolutiontheory.us
*.rfa.org
*.rfpmm.org
*.righttodie.ca
*.rki.de
*.rohangking.blogspot.com
*.rohingya.org
*.rohingyacampaign.org
*.rohingyakhobor.com
*.rohingyanewsbank.com
*.rohingyasnews.blogspot.com
*.rohingyatoday.com
*.rohringya.org
*.rtad.gov.mm
*.ru.wikipedia.org
*.s.gr-assets.com
*.safervpn.com
*.sagaing.blogspot.com
*.sakhr.com
*.sakura-myanmar.blogspot.com
*.salweenwatch.org
*.samesexmarriage.ca
*.sanooaung.wordpress.com
*.sansanhtun.blogspot.com
*.satp.org
*.savemyanmar.org
*.savethechildren.net
*.sbc.net
*.sbs.com.au
*.scarleteen.com
*.scientology.org
*.scontent-ams4-1.cdninstagram.com
*.scontent-vie1-1.cdninstagram.com
*.scontent.cdninstagram.com
*.scontent.xx.fbcdn.net
*.sea-watch.org
*.search.brave.com
*.search.com
*.searchindia.com
*.secfirst.org
*.securevpn.com
*.securevpn.im
*.seemygf.com
*.sexandu.ca
*.sfsi.org
*.shankoemee.com
*.sharingtofrds.blogspot.com
*.shia.org
*.shinto.org
*.shwe.org
*.shwedarling.com
*.shwemoetain.blogspot.com
*.signal.org
*.simple.wikipedia.org
*.slate.com
*.smartmyanmar.org
*.socom.mil
*.soneseyar.blogspot.com
*.soundcloud.com
*.speedify.com
*.spinpalace.com
*.sportingbet.com
*.sportsbookcodecenter.com
*.spotify.com
*.spsumdy.org
*.sputniknews.cn
*.sputniknews.com
*.spys.one
*.srhrforall.org
*.ssb.gov.mm
*.ssppssa.org
*.stackoverflow.com
*.statecounsellor.gov.mm
*.static.cdninstagram.com
*.static.xx.fbcdn.net
*.staticxx.facebook.com
*.status.im
*.stonewall.org.uk
*.storage.signal.org
*.stratcom.mil
*.strategyfirst.edu.mm
*.streetmeatasia.com
*.strongvpn.com
*.surfshark.com
*.surveydepartment.gov.mm
*.sycbcongress.blogspot.com
*.t.co
*.t.me
*.tacticaltech.org
*.tanintharyithar.blogspot.com
*.tanzil.net
*.technorati.com
*.ted.com
*.teenhealthfx.com
*.tepedu.org
*.textsecure-service.whispersystems.org
*.thabyay.org
*.thadar.blogspot.com
*.thaichix.com
*.theananda.org
*.thefarmermedia.com
*.theregister.co.uk
*.thestateless.com
*.thet-wai-blog.blogspot.com
*.thetoo.blogspot.com
*.theultimateinsult.blogspot.com
*.thevoicemyanmar.com
*.thibi.co
*.thiriyatanar.blogspot.com
*.thithtoolwin.com
*.thunder.free-signal.com
*.tialsoft.com
*.timcast.com
*.tineyintharvoice.blogspot.com
*.tni.org
*.tor.eff.org
*.torproject.org
*.tourism.gov.mm
*.transgendermap.com
*.trello.com
*.trend.lwinpyin.com
*.trendsmap.com
*.trikone.org
*.triller.co
*.tripod.lycos.com
*.trueamateurs.com
*.truthnet.org
*.tse1.explicit.bing.net
*.tumblr.com
*.tunnelbear.com
*.twitter.com
*.u4.no
*.uber.com
*.ucsb.gov.mm
*.un.int
*.upload.twitter.com
*.uscampaignforburma.org
*.uscg.mil
*.usdp.org.mm
*.utyeefoodhouse.com
*.valence.community
*.veracrypt.fr
*.video-preview.s3.yandex.net
*.video.cdninstagram.com
*.video.twimg.com
*.viss.wordpress.com
*.wasabiwallet.io
*.waywaynay-f20f6.web.app
*.web.facebook.com
*.weibo.com
*.wikidata.org
*.wikihow.com
*.wikileaks.org
*.wildrift.leagueoflegends.com
*.wkkf.org
*.wn.com
*.womeninblack.org
*.womenofburma.org
*.wordpress.org
*.world.internationalism.org
*.worldhealth.net
*.worldofwarcraft.com
*.write.as
*.wupj.org
*.x.com
*.xhamster.com
*.xnxx.com
*.xvideos.com
*.xxx.lanl.gov
*.xxx4hindi.com
*.yanaung.blogspot.com
*.yangon.hluttaw.mm
*.yangononlinestore.com
*.yaungpyan.blogspot.com
*.yaw-han-aung.blogspot.com
*.youporn.com
*.ywcamyanmar.org
*.zdnet.com
*.zh.wikipedia.org
*.zinaye.blogspot.com
*.zincolatt.blogspot.com
*.zzn.com
