*.1.1.1.1
*.1221cd.org
*.1337x.to
*.2shared.com
*.365myanmar.com
*.3wishes.com
*.4genderjustice.org
*.4online-gambling.com
*.7day.news
*.8.8.4.4
*.8.8.8.8
*.888casino.com
*.88square.com
*.8kun.top
*.911memorial.org
*.abcunderwear.com
*.abpr2.railfan.net
*.abs.twimg.com
*.absinth.com
*.accesstohealthfund.org
*.account.proton.me
*.addons.opera.com
*.adium.im
*.adultfriendfinder.com
*.adventist.org
*.afp.com
*.airvpn.org
*.ajax.aspnetcdn.com
*.akdn.org
*.alarabiya.net
*.alarmmyanmar.org
*.alignpay.com
*.altsean.org
*.amnesty.org
*.amp.cloudflare.com
*.amyotha.hluttaw.mm
*.ananzi.co.za
*.antivigilancia.org
*.api.directory.signal.org
*.api.protonvpn.ch
*.app.developer.here.com
*.app.simplelogin.io
*.apps.apple.com
*.ar.m.wikipedia.org
*.arakanarmy.net
*.archive.is
*.archive.org
*.ashingtonpost.com
*.asianews.it
*.asiantribune.com
*.atchmyexgf.net
*.athanmyanmar.org
*.aungsanu.com
*.aungttant.com
*.ayeyarwady.com
*.ayeyarwadyregion.gov.mm
*.ayinepan.com
*.babbel.com
*.bbm.com
*.beintheknow.org
*.benarnews.org
*.bestrefer.atspace.com
*.betfair.com
*.betternet.co
*.bglad.com
*.bhrn.org.uk
*.birmanie.ch
*.birthcontrol.com
*.bitcoin.sipa.be
*.bittornado.com
*.biz.ly
*.blackjackinfo.com
*.blockdx.co
*.blog.mozilla.org
*.blogmarks.net
*.blueskyswimwear.com
*.bnionline.net
*.bogus.d2a8n1.rootcanary.net
*.boommyanmar.com
*.botauk.com
*.brave.com
*.briarproject.org
*.bridges.torproject.org
*.brothersroad.org
*.bsky.app
*.btggaming.com
*.btguard.com
*.btselem.org
*.buddhanet.net
*.burbrit.com
*.burma.ac
*.burma.irrawaddy.com
*.burmacampaign.org.uk
*.burmalibrary.org
*.burmalink.org
*.burmamission.org
*.burmanews.cbox.ws
*.burmapartnership.org
*.burmavj.net
*.burmese.dvb.no
*.burmese.kachinnews.com
*.burmese.monnews.org
*.burmese.narinjara.com
*.buydutchseeds.com
*.ca.wikipedia.org
*.can-myanmar.org
*.carnegieendowment.org
*.casino.com
*.casinotropez.com
*.cdn.fbsbx.com
*.cdnjs.com
*.change.org
*.channelmyanmar.org
*.chantelle.com
*.chat-gpt.org
*.chinadaily.com.cn
*.chinlandguardian.com
*.chubb.com
*.cirp.org
*.climaterealityproject.org
*.cloudflare-dns.com
*.coconuts.co
*.code.jquery.com
*.commerce.gov.mm
*.commercejournal.com.mm
*.constitutionaltribunal.gov.mm
*.construction.gov.mm
*.content.ondoctor.com.mm
*.coralnyo.blogspot.com
*.covidtracking.com
*.cpj.org
*.crphmyanmar.org
*.csostat.gov.mm
*.currenttime.tv
*.cwtch.im
*.cyberghostvpn.com
*.dailystormer.in
*.darknet.org.uk
*.darpa.mil
*.dartcenter.org
*.dating.com
*.dbe.moe.edu.mm
*.ddm.gov.mm
*.democracyforburma.wordpress.com
*.discord.com
*.disqus.com
*.dit.whatsapp.net
*.dl.acm.org
*.dl.google.com
*.dma.gov.mm
*.dmediag.com
*.dmgburmese.com
*.dns.adguard.com
*.dnsleaktest.com
*.doctorsonwheelshealthcare.com
*.dogpile.com
*.doh-fi.blahdns.com
*.doh.centraleu.pi-dns.com
*.domains.squarespace.com
*.dopplr.com
*.doubleclick.net
*.dpps.gov.mm
*.dra.gov.mm
*.drkokogyi.wordpress.com
*.drkokogyi9.wordpress.com
*.drugsinc.eu
*.dweb.link
*.earth.google.com
*.easternlightningmy.wordpress.com
*.eave-women.org
*.ecequality.org
*.ecologyasia.com
*.edf.org
*.edge-chat.instagram.com
*.edge-mqtt.facebook.com
*.educationinmyanmar.blogspot.com
*.eea.europa.eu
*.eharmony.com
*.eintchannmyae.blogspot.com
*.electrum.org
*.eluniversal.com
*.emandalay.gov.mm
*.en.m.wikipedia.org
*.en.wikipedia.org
*.energy.gov.mm
*.engenderhealth.org
*.english.dvb.no
*.epa.gov
*.europedatingonline.com
*.euthanasia.cc
*.eveonline.com
*.exitinternational.net
*.explorer.ooni.org
*.expressvpn.com
*.external.xx.fbcdn.net
*.eztv.re
*.f-droid.org
*.facebook.com
*.fark.com
*.fbcdn.net
*.fdroid.tetaneutral.net
*.feedtheminds.org
*.feminist.org
*.fencefilm.com
*.filen.io
*.files.pythonhosted.org
*.fine-leaves.blogspot.com
*.firebaseinstallations.googleapis.com
*.forestdepartment.gov.mm
*.formercatholic.com
*.forum-asia.org
*.forum.grasscity.com
*.fotolog.com
*.foursquare.com
*.foxnews.com
*.freerohingyacoalition.org
*.fridae.asia
*.friendfinder.com
*.friendsofburma.org
*.frontiermyanmar.net
*.ftucentral.org
*.gambling.com
*.gawker.com
*.gaylifeformyanmar.blogspot.com
*.genderit.org
*.genmyanmar.org
*.getacookrecipe.wordpress.com
*.getlantern.org
*.getoutline.org
*.getsession.org
*.giganews.com
*.glbtqarchive.com
*.globalfire.tv
*.globalr2p.org
*.glsen.org
*.gmhc.org
*.godaddy.com
*.goldenpalace.com
*.goldenrivieracasino.com
*.goodreads.com
*.gov.nugmyanmar.org
*.greenhost.net
*.groups.google.com
*.haaretz.com
*.hatsapp.com
*.health.com
*.heinekenmyanmar.com
*.heroin.org
*.hiburma.net
*.hide.me
*.hidemyass.com
*.hintharmedia.com
*.hola.org
*.hootsuite.com
*.hotspotshield.com
*.howtogrowmarijuana.com
*.humanrights.asia
*.humanrightsfirst.org
*.i.gr-assets.com
*.i.instagram.com
*.iagoutreach.com
*.icij.org
*.iconnecthere.com
*.icrw.org
*.ictj.org
*.iesenthal.com
*.ifeminists.com
*.ihrc.org.uk
*.iico.org
*.iimm.un.org
*.iktionary.org
*.ilpf.org
*.im0-tub-com.yandex.net
*.imdb.com
*.imp.free.fr
*.industry.gov.mm
*.indymedia.org
*.inespectator.com
*.inetprivacy.com
*.infidels.org
*.info-birmanie.org
*.instagram.com
*.instagram.fsaw1-13.fna.fbcdn.net
*.instinctmagazine.com
*.intelligence.weforum.org
*.internationalrivers.org
*.ipair.com
*.ipfs.io
*.ipvanish.com
*.irrawaddy.com
*.isa.org.jm
*.isiswomen.org
*.islameyat.com
*.ispmyanmarchinadesk.com
*.ispmyanmarpeacedesk.com
*.isupportmyanmar.com
*.it.wikipedia.org
*.itbmu.org.mm
*.itcthagaya.edu.mm
*.itness.org
*.ivpn.net
*.iwraw-ap.org
*.iwumd.gov.mm
*.iyfglobal.org
*.ja.wikipedia.org
*.jacbaburma.blogspot.com
*.jackdaniels.com
*.jackpotcitycasino1.com
*.jdate.com
*.jesussaves.cc
*.jhr.ca
*.jihadwatch.org
*.jmarshall.com
*.jobsinmyanmar.com
*.jobsinyangon.com
*.journals.lww.com
*.judaism.com
*.judaismconversion.org
*.july-dream.blogspot.com
*.jusmynote.wordpress.com
*.justassociates.org
*.kabobfest.com
*.kachinpost.com
*.kachinstate.hluttaw.mm
*.kachinwomen.com
*.kalay.com.mm
*.kaleidoscopetrust.com
*.kantarawaddytimes.org
*.katcr.to
*.kbrl.gov.mm
*.kesan.asia
*.khinminzaw.blogspot.com
*.khinoomay77.blogspot.com
*.khrg.org
*.kicnews.org
*.kingdomofnews.com
*.knownislam.com
*.knwo.wordpress.com
*.koshwehtoo.wordpress.com
*.kukiforum.com
*.kyipaypar.xyz
*.lalgbtcenter.org
*.lantern.io
*.lasenza.com
*.latimes.com
*.laynuaye.blogspot.com
*.lbry.com
*.lbry.org
*.lds.org
*.leaseweb.com
*.lemonde.fr
*.lesbiansubmission.com
*.letpandailynews.com
*.lgbt.foundation
*.lgbtnewsnow.org
*.lgbtqia.space
*.libgen.gs
*.libgen.is
*.libgen.li
*.libgen.life
*.libgen.me
*.libgen.rs
*.libgen.st
*.libgen.tw
*.libgen.xyz
*.lifestylemyanmar.com
*.limetorrents.lol
*.limetorrents.pro
*.line.me
*.localmonero.co
*.locals.com
*.logmein.com
*.lokinet.org
*.lookaside.facebook.com
*.lostfootsteps.org
*.lovoo.com
*.lrcmyanmar.org
*.luckynugget.com
*.lushstories.com
*.m-mediagroup.com
*.magwaygov.org
*.mail.proton.me
*.maranathamedia-myanmar.com
*.marxists.org
*.mask-h2.icloud.com
*.mask.icloud.com
*.mastodon.sdf.org
*.mastodon.xyz
*.mattermost.com
*.mayamarcollection.com
*.mecassembly.org
*.medecinsdumonde.org
*.media-arn2-1.cdn.whatsapp.net
*.media.fevn1-1.fna.whatsapp.net
*.medicinenet.com
*.medpot.net
*.meetup.com
*.merhrom.wordpress.com
*.merin.org.mm
*.messagevortex.net
*.messenger.com
*.metacrawler.com
*.metro-wholesale.com.mm
*.mg-kar-lu.blogspot.com
*.mifer.gov.mm
*.mirror.cyberbits.eu
*.mizzima.com
*.mizzima.tv
*.mizzimaburmese.com
*.mm.usembassy.gov
*.mmbookdownload.com
*.mmcdm.org
*.mmcert.org.mm
*.mmg.whatsapp.net
*.mminsurance.gov.mm
*.mmload.com
*.mmmc.edu.mm
*.mmonline365.com
*.mmu.edu.mm
*.mmunicode.org
*.mmunicodefonts.blogspot.com
*.mnr.gov.cn
*.mod.nugmyanmar.org
*.moe-st.gov.mm
*.moe.edu.mm
*.moe.nugmyanmar.org
*.moea.gov.mm
*.moeminthar.wordpress.com
*.moenyothar86.blogspot.com
*.moezala.gov.mm
*.mofa.gov.mm
*.mofa.nugmyanmar.org
*.mogozay.com
*.moh.nugmyanmar.org
*.mohadm.nugmyanmar.org
*.mohai.nugmyanmar.org
*.mohinga.info
*.mohr.nugmyanmar.org
*.moic.nugmyanmar.org
*.mol.nugmyanmar.org
*.monhluttaw.com
*.monnews.org
*.monrec.nugmyanmar.org
*.monstate.gov.mm
*.mopf.gov.mm
*.mopfi.nugmyanmar.org
*.mora.gov.mm
*.mormon.org
*.moscow.rtrs.ru
*.moswrr.gov.mm
*.mowyca.nugmyanmar.org
*.mp3.com
*.mrdewaing.blogspot.com
*.myan789.com
*.myanmar-brewery.com
*.myanmar-now.org
*.myanmar.savethechildren.net
*.myanmar.unfpa.org
*.myanmaragape.org
*.myanmargems.com
*.myanmarlivecasino.com
*.myanmarload.com
*.myanmarmp3.net
*.myanmarpeacefoundation.org
*.myanmarstudyabroad.org
*.myanmartevolution.com
*.myanmartradeportal.gov.mm
*.myanmaryouthstars.org
*.myanmore.com
*.mydoctor.com.mm
*.myehtut.com
*.myitkyinanewsjournal.com
*.mymemory.translated.net
*.narinjara.com
*.natthi.wordpress.com
*.ncsc.gov.mm
*.netflix.com
*.networkcheck.kde.org
*.new.cfan.org
*.newsweek.com
*.ning.com
*.no-ip.com
*.nordvpn.com
*.nostr.com
*.nostraightnews.com
*.now.org
*.nptcouncil.gov.mm
*.nsw2u.com
*.nugmyanmar.org
*.numun.fund
*.nwayoomyanmar.com
*.nyeinchan.com
*.nyeinnyo.blogspot.com
*.o0.ingest.sentry.io
*.obsproject.com
*.oicc.org
*.omenforpeaceandjustice.org
*.omenforwomen.org
*.omenonwaves.org
*.omenpeacemakersprogram.org
*.omensmediacenter.com
*.onekyat.com
*.onionshare.org
*.onlinegambling.com
*.ooni.torproject.org
*.opec.org
*.opendevelopmentmekong.net
*.opendevelopmentmyanmar.net
*.opendns.com
*.opennet.net
*.openvpn.net
*.opera.com
*.orbot.app
*.originalelf.com
*.orldcoalition.org
*.orldjewishcongress.org
*.orldometers.info
*.palaungland.org
*.pansodan.com
*.paowomensunion.wordpress.com
*.paoyouth.org
*.paralleleconomy.com
*.partypoker.com
*.paypal.com
*.pbs.twimg.com
*.peersmyanmar.wordpress.com
*.people.com.cn
*.phandeeyar.org
*.photobucket.com
*.phpmyadmin.net
*.ping.archlinux.org
*.pingomatic.com
*.pinkcupid.com
*.pinknews.co.uk
*.plancpills.org
*.pogo.com
*.poker.com
*.pokerstars.com
*.pornhub.com
*.postimage.io
*.pps.whatsapp.net
*.premaritalsex.info
*.pridesource.com
*.privacytools.io
*.privatevpn.com
*.progressivevoicemyanmar.org
*.projectveritas.com
*.proton.me
*.protonvpn.com
*.proxify.com
*.proxy.org
*.proxytools.sourceforge.net
*.prq.se
*.psiphon.ca
*.pslftnla.org
*.pubg.com
*.publiuspundit.com
*.pulse.internetsociety.org
*.purevpn.com
*.put.io
*.pyidaungsu.hluttaw.mm
*.pyithu.hluttaw.mm
*.rakhaingwomenunion-my.weebly.com
*.rapidgator.net
*.raw.githubusercontent.com
*.rbfmyanmar.com
*.realornotmm.info
*.redapes.org
*.reproductiverights.org
*.revolutiontheory.us
*.rfa.org
*.riftgame.com
*.riverbelle.com
*.roblox.com
*.rohingya.org
*.rohingyacampaign.org
*.rohingyakhobor.com
*.root-key-sentinel-is-ta-20326.d2a8n3.rootcanary.net
*.royalvegas.com
*.rumble.com
*.s.gr-assets.com
*.safervpn.com
*.sakhr.com
*.sanooaung.wordpress.com
*.satp.org
*.savemyanmar.org
*.savethechildren.net
*.sawbwacoffee.com
*.scarleteen.com
*.schwarzreport.org
*.scontent-ams4-1.cdninstagram.com
*.scontent-vie1-1.cdninstagram.com
*.scontent.cdninstagram.com
*.scontent.xx.fbcdn.net
*.scribd.com
*.sea-watch.org
*.search.brave.com
*.search.com
*.seclists.org
*.securenym.net
*.securevpn.com
*.securevpn.im
*.securityinabox.org
*.sendspace.com
*.sentry.io
*.shankoemee.com
*.sharingtofrds.blogspot.com
*.shia.org
*.shwe.net
*.shwe.org
*.shwedarling.com
*.shweoe.com
*.signal.org
*.sina.com.cn
*.sj.com
*.slack-imgs.com
*.slate.com
*.smartmyanmar.org
*.socom.mil
*.solar-aid.org
*.sourceforge.net
*.southfeministfutures.org
*.spideroak.com
*.spinpalace.com
*.sportingbet.com
*.sportsbookcodecenter.com
*.sportsinteraction.com
*.spsumdy.org
*.sputniknews.cn
*.spys.one
*.ssppssa.org
*.static.cdninstagram.com
*.static.xx.fbcdn.net
*.staticxx.facebook.com
*.status.im
*.stonewall.org.uk
*.strategyfirst.edu.mm
*.streetmeatasia.com
*.support.delta.chat
*.surfshark.com
*.surveydepartment.gov.mm
*.t.co
*.taangwomen.org
*.tachileik.net
*.tails.net
*.tavoyland.blogspot.com
*.tawthonetaung.blogspot.com
*.ted.com
*.textsecure-service.whispersystems.org
*.th.bing.com
*.thanlwintimes.com
*.thantmyanmar.com
*.theananda.org
*.thegeekdiary.com
*.theglobalobservatory.org
*.theonion.com
*.thevoicemyanmar.com
*.thithtoolwin.com
*.thunder.free-signal.com
*.tialsoft.com
*.tiktok.com
*.timeout.com
*.timesofindia.indiatimes.com
*.tmz.com
*.tni.org
*.torproject.org
*.transwhiz.com
*.trello.com
*.trend.lwinpyin.com
*.trendsmap.com
*.triller.co
*.triplebit.org
*.tripod.lycos.com
*.trueamateurs.com
*.trustvpn.me
*.tunnelbear.com
*.turbobit.net
*.twitter.com
*.uber.com
*.ucsb.gov.mm
*.uec.gov.mm
*.ultravpn.com
*.umc.org
*.unaids.org
*.undp.org
*.unionsupremecourt.gov.mm
*.upload.twitter.com
*.utyeefoodhouse.com
*.vanguardnewsnetwork.com
*.veracrypt.fr
*.video.cdninstagram.com
*.video.twimg.com
*.visit-bagan.com
*.vom-news.com
*.vpngate.net
*.vpnunlimited.com
*.web.facebook.com
*.weedmaps.com
*.weibo.com
*.wikimapia.org
*.womeninblack.org
*.wordpress.org
*.x.com
*.xe.com
*.xinhuanet.com
*.xinjiang.gov.cn
*.xxx.lanl.gov
*.yangon.gov.mm
*.yangon.hluttaw.mm
*.yangononlinestore.com
*.yau.edu.mm
*.yaw-han-aung.blogspot.com
*.yelwinoo.com
*.ywcamyanmar.org
*.zalen.info
*.zanzu.nl
*.zdnet.com
*.zenvpn.net
*.zzn.com
