*.1.1.1.1
*.1221cd.org
*.1800respect.org.au
*.4chan.org
*.7day.news
*.8.8.8.8
*.88square.com
*.aappb.org
*.abortion-pills.org
*.abpr2.railfan.net
*.abs.twimg.com
*.account.proton.me
*.addons.opera.com
*.adium.im
*.adventist.org
*.advocate.com
*.airvpn.org
*.alarmmyanmar.org
*.alignpay.com
*.allthefallen.moe
*.altsean.org
*.amnesty.org
*.amnezia.org
*.amp.cloudflare.com
*.amyotha.hluttaw.mm
*.ananzi.co.za
*.anon.inf.tu-dresden.de
*.anonymizer.secuser.com
*.anonymouse.org
*.antivigilancia.org
*.api.directory.signal.org
*.api.protonvpn.ch
*.api.rc-backup.com
*.api.revenuecat.com
*.app.revenuecat.com
*.ar.m.wikipedia.org
*.ar.wikipedia.org
*.arrka-smaile.blogspot.com
*.asianews.it
*.asiantribune.com
*.athanmyanmar.org
*.aungttant.com
*.auntysweet.blogspot.com
*.avemoney.com.mm
*.ayinepan.com
*.b-m-a.org.uk
*.bagoregionhluttaw.gov.mm
*.bawa101.com
*.baygyiknowledge.blogspot.com
*.beintheknow.org
*.betasia.com
*.betternet.co
*.bhrn.org.uk
*.bible.com
*.birmanie.ch
*.bittornado.com
*.blog-aunghtut.blogspot.com
*.blog.moemaka.com
*.bnionline.net
*.boommyanmar.com
*.botauk.com
*.boylovealone.blogspot.com
*.brave.com
*.bravoporn.com
*.brcgrohingya.org
*.briarproject.org
*.bridges.torproject.org
*.brothersroad.org
*.btselem.org
*.burbrit.com
*.burma-projects.org
*.burma.ac
*.burma.irrawaddy.com
*.burmacampaign.org.uk
*.burmadictatorwatch.blogspot.com
*.burmalibrary.org
*.burmamission.org
*.burmamyanmargenocide.blogspot.com
*.burmanews.cbox.ws
*.burmapartnership.org
*.burmasoft.blogspot.com
*.burmavj.net
*.burmese.dvb.no
*.burmese.narinjara.com
*.ca.wikipedia.org
*.can-myanmar.org
*.carbonmap.org
*.cc.bingj.com
*.ccc.de
*.cdmmyanmar.org
*.cdn.fbsbx.com
*.cdn2.signal.org
*.cdnjs.com
*.censorship.no
*.change.org
*.channelmyanmar.org
*.channelnewsasia.com
*.chatesat.com
*.chinadaily.com.cn
*.chitsanm.blogspot.com
*.click2myanmar.com
*.cnfhq.org
*.code.jquery.com
*.collegehumor.com
*.commercejournal.com.mm
*.commons.wikimedia.org
*.constitutionaltribunal.gov.mm
*.crphmyanmar.org
*.crypt.ee
*.cyberghostvpn.com
*.dailymail.co.uk
*.dbe.moe.edu.mm
*.de.wikipedia.org
*.democracyforburma.wordpress.com
*.derechos.org
*.dia.mil
*.digg.com
*.disabilityrightsfund.org
*.discord.com
*.dit.whatsapp.net
*.dl.acm.org
*.dmediag.com
*.dmgburmese.com
*.dn42.dev
*.dns.adguard.com
*.dns.google
*.docs.revenuecat.com
*.doh-fi.blahdns.com
*.doh.centraleu.pi-dns.com
*.dotp.gov.mm
*.dra.gov.mm
*.drkokogyi.wordpress.com
*.drkokogyi9.wordpress.com
*.dw.com
*.dwir.gov.mm
*.earthrights.org
*.ecequality.org
*.ectaco.com
*.edf.org
*.edge-chat.instagram.com
*.edge-mqtt.facebook.com
*.educationinmyanmar.blogspot.com
*.eintchannmyae.blogspot.com
*.electrum.org
*.en.m.wikipedia.org
*.en.wikipedia.org
*.energy.gov.mm
*.english.dvb.no
*.equal-eyes.org
*.equalitymyanmar.org
*.es.m.wikipedia.org
*.es.wikipedia.org
*.eurobicon.org
*.euthanasia.cc
*.exploitedteensasia.com
*.explorer.ooni.org
*.expressvpn.com
*.external.xx.fbcdn.net
*.facebook.com
*.fastmail.com
*.fbcdn.net
*.federal-supporters.blogspot.com
*.feedtheminds.org
*.feminist.org
*.filen.io
*.fine-leaves.blogspot.com
*.fonts.pawwalls.com
*.formercatholic.com
*.forum-asia.org
*.fotolog.com
*.foursquare.com
*.foxnews.com
*.fr.wikipedia.org
*.francemediasmonde.com
*.freeburmacoalition.blogspot.com
*.freedomhouse.org
*.freeexpressionmyanmar.org
*.freemuse.org
*.freenetproject.org
*.freerohingyacampaign.blogspot.com
*.freespeechdebate.com
*.frontiermyanmar.net
*.ftucentral.org
*.gandawunshwebagan.com
*.gayegypt.com
*.gaymenshealth.org
*.gaytoday.com
*.genderandaids.unwomen.org
*.genderit.org
*.generation96.blogspot.com
*.genmyanmar.org
*.geti2p.net
*.getlantern.org
*.getoutline.org
*.giganews.com
*.glaad.org
*.globaleaks.org
*.globalr2p.org
*.globalvoices.org
*.gmhc.org
*.gnlm.com.mm
*.gofundme.com
*.googleweblight.com
*.gov.nugmyanmar.org
*.grindr.mobi
*.guardianproject.info
*.guardster.com
*.guerrillagirls.com
*.hackerspaces.org
*.hatsapp.com
*.health.thithtoolwin.com
*.heinekenmyanmar.com
*.herdict.org
*.hiburma.net
*.hide.me
*.hidemyass.com
*.hintharmedia.com
*.hola.org
*.hootsuite.com
*.hotspotshield.com
*.http-tunnel.com
*.humanrightsactioncenter.com
*.humanrightsfirst.org
*.hustler.com
*.i.instagram.com
*.ihrc.org.uk
*.iico.org
*.iimm.un.org
*.ijm.org
*.im0-tub-com.yandex.net
*.imap.sinarproject.org
*.imdb.com
*.indiatimes.com
*.indymedia.org
*.instagram.com
*.instagram.fsaw1-13.fna.fbcdn.net
*.instinctmagazine.com
*.ipvanish.com
*.irrawaddy.com
*.islaminstitut.de
*.isscr.org
*.issuu.com
*.isupportmyanmar.com
*.it.wikipedia.org
*.itbmu.org.mm
*.ivpn.net
*.ja.wikipedia.org
*.jacbaburma.blogspot.com
*.jezebel.com
*.jinghpawkasa.blogspot.com
*.jmarshall.com
*.jobsinmyanmar.com
*.jobsinyangon.com
*.joinmastodon.org
*.journals.thithtoolwin.com
*.judaism.com
*.july-dream.blogspot.com
*.juniorwin.blogspot.com
*.justassociates.org
*.justiceformyanmar.org
*.justicewomen.com
*.kachinnews.com
*.kachinpost.com
*.kachinstate.hluttaw.mm
*.kachinwomen.com
*.kaladanpress.com
*.kalay.com.mm
*.kaleidoscopetrust.com
*.kantarawaddytimes.org
*.karen.kicnews.org
*.kaungkinko.blogspot.com
*.kennethwongsf.blogspot.com
*.khinminzaw.blogspot.com
*.khinoomay77.blogspot.com
*.khrg.org
*.kickassclassical.com
*.kicnews.org
*.kingdomofnews.com
*.kmdmart.com
*.knuhq.org
*.knwo.wordpress.com
*.ko-htike.blogspot.com
*.koshwehtoo.wordpress.com
*.kukiforum.com
*.kyanaww.blogspot.com
*.kzy1980.blogspot.com
*.lantern.io
*.laynuaye.blogspot.com
*.lbry.com
*.lbry.org
*.libgen.is
*.libgen.life
*.libgen.me
*.libgen.rs
*.libgen.st
*.login.tailscale.com
*.lookaside.facebook.com
*.lostfootsteps.org
*.lulucooking.blogspot.com
*.m-mediagroup.com
*.madre.org
*.magwaygov.org
*.mahana.org.mm
*.mail.proton.me
*.mailinator.com
*.malwares.com
*.marxists.org
*.mastodon.social
*.matrix.to
*.mattermost.com
*.maydar-wii.blogspot.com
*.maynyane.blogspot.com
*.media-arn2-1.cdn.whatsapp.net
*.media.fevn1-1.fna.whatsapp.net
*.media3.giphy.com
*.megaproxy.com
*.merhrom.wordpress.com
*.mes.org.mm
*.messenger.com
*.metro-wholesale.com.mm
*.mideastyouth.com
*.minthayt.com
*.mirror.cyberbits.eu
*.mizzima.com
*.mizzima.tv
*.mizzimaburmese.com
*.mmacentral.org
*.mmcdm.org
*.mmg.whatsapp.net
*.mmmc.edu.mm
*.mmonline365.com
*.mmunicodefonts.blogspot.com
*.mnr.gov.cn
*.mod.nugmyanmar.org
*.moe-st.gov.mm
*.moe.edu.mm
*.moe.nugmyanmar.org
*.moenyothar86.blogspot.com
*.mofa.gov.mm
*.mofa.nugmyanmar.org
*.moh.nugmyanmar.org
*.mohadm.nugmyanmar.org
*.mohai.nugmyanmar.org
*.mohinga.info
*.mohr.nugmyanmar.org
*.moic.nugmyanmar.org
*.mol.nugmyanmar.org
*.monnews.org
*.monrec.nugmyanmar.org
*.monstate.gov.mm
*.mopfi.nugmyanmar.org
*.mowyca.nugmyanmar.org
*.mp3.com
*.mrattkthu.com
*.mrbalance.blogspot.com
*.mrdewaing.blogspot.com
*.mrtvmyanmar.com
*.msf.org
*.msh.org
*.mstdn.jp
*.my.wikipedia.org
*.myan789.com
*.myanmar-image.com
*.myanmar-now.org
*.myanmar.savethechildren.net
*.myanmaregress.org
*.myanmarexam.org
*.myanmarlivecasino.com
*.myanmarload.com
*.myanmarmp3.net
*.myanmarmpha.org
*.myanmarpost.com.mm
*.myanmarrtad.com
*.myatlone.blogspot.com
*.myawady.net.mm
*.mydoctor.com.mm
*.myitkyinanewsjournal.com
*.myochitmyanmar.blogspot.com
*.nagalim.nl
*.namecoin.org
*.naral.org
*.narinjara.com
*.ncsc.gov.mm
*.new.cfan.org
*.nordvpn.com
*.nptcouncil.gov.mm
*.nptdc.gov.mm
*.ntc.party
*.nugmyanmar.org
*.numun.fund
*.nwayhlaingthoone.blogspot.com
*.nwayoomyanmar.com
*.nwci.ie
*.nyeinnyo.blogspot.com
*.nyilynnseck.blogspot.com
*.o-way.blogspot.com
*.oca.org
*.oicc.org
*.omenforwomen.org
*.onekyat.com
*.onepay.com.mm
*.online-dating.org
*.ooni.torproject.org
*.opendevelopmentmekong.net
*.opendevelopmentmyanmar.net
*.opendns.com
*.openvpn.net
*.opera.com
*.orbot.app
*.ordreference.com
*.origin.com
*.originalelf.com
*.orldpulse.com
*.ow.ly
*.palaungland.org
*.paowomensunion.wordpress.com
*.paypal.com
*.pbs.twimg.com
*.pflag.org
*.phpmyadmin.net
*.ping.archlinux.org
*.plancpills.org
*.plus.im
*.poker.com
*.ponyate.blogspot.com
*.pornhub.com
*.postimage.io
*.pps.whatsapp.net
*.premaritalsex.info
*.privatevpn.com
*.progressivevoicemyanmar.org
*.projectbaseline.com
*.projectveritas.com
*.proton.me
*.protonvpn.com
*.psiphon.ca
*.pslftnla.org
*.pt.m.wikipedia.org
*.publiuspundit.com
*.purevpn.com
*.pyidaungsu.hluttaw.mm
*.pyithu.hluttaw.mm
*.qhnews.com
*.quantico.marines.mil
*.raw.githubusercontent.com
*.realornotmm.info
*.rebellion.global
*.resurj.org
*.revenuecat.com
*.revolutiontheory.us
*.rfa.org
*.rohangking.blogspot.com
*.rohingya.org
*.rohingyacampaign.org
*.rohingyakhobor.com
*.rohingyasnews.blogspot.com
*.rose-sharon.blogspot.com
*.ru.wikipedia.org
*.s.gr-assets.com
*.safervpn.com
*.sagaing.blogspot.com
*.sanooaung.wordpress.com
*.sansanhtun.blogspot.com
*.savemyanmar.org
*.savethechildren.net
*.scarleteen.com
*.scontent-ams4-1.cdninstagram.com
*.scontent-vie1-1.cdninstagram.com
*.scontent.cdninstagram.com
*.scontent.xx.fbcdn.net
*.scribd.com
*.sea-watch.org
*.search.com
*.securevpn.com
*.securevpn.im
*.seinkhalote.blogspot.com
*.sexandu.ca
*.sfsi.org
*.shadowsocks.org
*.shankoemee.com
*.sharingtofrds.blogspot.com
*.shia.org
*.short.io
*.shwe.net
*.shwe.org
*.shwemoetain.blogspot.com
*.siecus.org
*.signal.org
*.simple.wikipedia.org
*.slate.com
*.slideshare.net
*.smartmyanmar.org
*.sniply.io
*.socom.mil
*.soezeya.blogspot.com
*.sosegado1.blogspot.com
*.speeddater.co.uk
*.speedify.com
*.spideroak.com
*.spinpalace.com
*.sportsbookcodecenter.com
*.sputniknews.cn
*.spys.one
*.static.cdninstagram.com
*.static.xx.fbcdn.net
*.staticxx.facebook.com
*.status.im
*.support.delta.chat
*.surfshark.com
*.t.co
*.taangwomen.org
*.tacticaltech.org
*.tanintharyithar.blogspot.com
*.tavoyan.blogspot.com
*.tavoyland.blogspot.com
*.tawthonetaung.blogspot.com
*.techlore.tech
*.ted.com
*.telegram.org
*.tepedu.org
*.textsecure-service.whispersystems.org
*.thabyay.org
*.thadar.blogspot.com
*.thefarmermedia.com
*.thestateless.com
*.thet-wai-blog.blogspot.com
*.thetoo.blogspot.com
*.theultimateinsult.blogspot.com
*.thevoicemyanmar.com
*.thibi.co
*.thithtoolwin.com
*.thunder.free-signal.com
*.timesofindia.indiatimes.com
*.tineyintharvoice.blogspot.com
*.tiny.cc
*.tor.eff.org
*.torproject.org
*.trend.lwinpyin.com
*.trendsmap.com
*.trikone.org
*.triller.co
*.tripod.lycos.com
*.trustvpn.me
*.tunnelbear.com
*.turbobit.net
*.twitter.com
*.typepad.com
*.u4.no
*.ucms.edu.mm
*.ucsb.gov.mm
*.ultravpn.com
*.unlockme.co.uk
*.upci.org
*.upgpaint.com
*.upload.twitter.com
*.ushmm.org
*.utopia-asia.com
*.utyeefoodhouse.com
*.veracrypt.fr
*.video.cdninstagram.com
*.video.twimg.com
*.vpngate.net
*.vpnunlimited.com
*.wearechange.org
*.web.facebook.com
*.wickr.com
*.wikidata.org
*.wikimapia.org
*.womeninblack.org
*.wordpress.org
*.x.com
*.x1337x.eu
*.xinhuanet.com
*.xxx.lanl.gov
*.yandex.com
*.yangon.hluttaw.mm
*.yangononlinestore.com
*.yaungpyan.blogspot.com
*.yt3.ggpht.com
*.yt4.ggpht.com
*.ywcamyanmar.org
*.zeit.de
*.zenvpn.net
*.zoom.us
*.zzn.com
